// Jest Snapshot v1, https://goo.gl/fbAQLP

exports[`default reporter error 1`] = `
"
‚ö†Ô∏è  [31mThe following migration tasks were failed, but you can still migrate the rest ‚ö†Ô∏è[39m

[4m[1mtransform bar to baz in json contents[22m[24m
[0m[7m[1m[31m ERROR [39m[22m[27m[0m baz.json

SyntaxError: Unexpected token } in JSON at position 18
    at function (/path/to/file)
    at function (/path/to/file)
    at function (/path/to/file)
    at function (/path/to/file)
    at function (/path/to/file)
    at function (/path/to/file)
    at function (/path/to/file)
    at function (/path/to/file)
    at function (/path/to/file)
    at function (/path/to/file)

[34mü§∑‚Äç No changes have been made[39m"
`;

exports[`default reporter passing 1`] = `
"
[4m[1mtransform bar to baz in json contents[22m[24m
[0m[7m[1m[32m READY [39m[22m[27m[0m baz.json

[32mThe migration has been completed successfully üéâ[39m"
`;
